// Jest Snapshot v1, https://goo.gl/fbAQLP

exports[`Suit test RootPage Page should be render correctly 1`] = `
<Fragment>
  <div
    className="header"
  >
    <div
      className="container header__navBar"
    >
      <img
        alt="pagina principal"
        className="header__logo"
        src={Object {}}
        tabIndex={0}
      />
      <div
        className="header__searchBox"
      >
        <SearchBox />
      </div>
    </div>
  </div>
  <RootPage />
</Fragment>
`;
